2026-04-04 20:17:43 INFO [DB.dbservice] Database pool initialized
2026-04-04 20:17:43 INFO [telegram.ext.Application] Application started
2026-04-04 20:17:43 INFO [root] Bot started
2026-04-04 20:17:57 INFO [root] Fetching row SELECT 1 FROM users WHERE id = 184959894
2026-04-04 20:17:58 INFO [results] handlechat latency chat=184959894 took 468.0 ms
2026-04-04 20:18:41 INFO [results] handlechat latency chat=184959894 took 527.0 ms
2026-04-04 20:19:04 INFO [root] Fetching row 
    SELECT *
    FROM cities
    where nome_norm = $1 
    
2026-04-04 20:19:04 INFO [results] handlechat latency chat=184959894 took 555.8 ms
2026-04-04 20:19:48 INFO [results] handlechat latency chat=184959894 took 524.0 ms
2026-04-04 20:19:53 INFO [DB.dbservice] Database pool initialized
2026-04-04 20:19:53 INFO [telegram.ext.Application] Application started
2026-04-04 20:19:53 INFO [root] Bot started
2026-04-04 20:19:54 INFO [root] Fetching row SELECT 1 FROM users WHERE id = 184959894
2026-04-04 20:19:55 INFO [results] handlechat latency chat=184959894 took 286.1 ms
2026-04-04 20:20:42 INFO [DB.dbservice] Database pool initialized
2026-04-04 20:20:42 INFO [telegram.ext.Application] Application started
2026-04-04 20:20:42 INFO [root] Bot started
2026-04-04 20:20:43 INFO [root] Fetching row SELECT 1 FROM users WHERE id = 184959894
2026-04-04 20:20:43 INFO [results] handlechat latency chat=184959894 took 359.4 ms
2026-04-04 20:20:50 INFO [root] Fetching row 
    SELECT *
    FROM cities
    where nome_norm = $1 
    
2026-04-04 20:20:50 INFO [root] Found city: E992
2026-04-04 20:20:50 INFO [root] Fetching row 
        INSERT INTO cities_found (player, city)
        VALUES ($1, $2)
        ON CONFLICT DO NOTHING
        RETURNING player
    
2026-04-04 20:20:50 INFO [results] handlechat latency chat=184959894 took 623.3 ms
2026-04-04 20:20:57 INFO [root] Fetching row 
    SELECT *
    FROM cities
    where nome_norm = $1 
    
2026-04-04 20:20:57 INFO [root] Found city: M278
2026-04-04 20:20:57 INFO [root] Fetching row 
        INSERT INTO cities_found (player, city)
        VALUES ($1, $2)
        ON CONFLICT DO NOTHING
        RETURNING player
    
2026-04-04 20:20:58 ERROR [root] Can't parse entities: unexpected end of name token at byte offset 11
2026-04-04 20:20:58 INFO [results] handlechat latency chat=184959894 took 787.4 ms
2026-04-04 20:21:37 INFO [root] Fetching row 
    SELECT *
    FROM cities
    where nome_norm = $1 
    
2026-04-04 20:21:37 INFO [root] Found city: M278
2026-04-04 20:21:37 INFO [root] Fetching row 
        INSERT INTO cities_found (player, city)
        VALUES ($1, $2)
        ON CONFLICT DO NOTHING
        RETURNING player
    
2026-04-04 20:21:37 INFO [results] handlechat latency chat=184959894 took 482.1 ms
2026-04-04 20:22:48 INFO [DB.dbservice] Database pool initialized
2026-04-04 20:22:49 INFO [telegram.ext.Application] Application started
2026-04-04 20:22:49 INFO [root] Bot started
2026-04-04 20:23:00 INFO [root] Fetching row SELECT 1 FROM users WHERE id = 184959894
2026-04-04 20:23:01 INFO [root] Fetching row 
    SELECT *
    FROM cities
    where nome_norm = $1 
    
2026-04-04 20:23:01 INFO [root] Found city: L998
2026-04-04 20:23:01 INFO [root] Fetching row 
        INSERT INTO cities_found (player, city)
        VALUES ($1, $2)
        ON CONFLICT DO NOTHING
        RETURNING player
    
2026-04-04 20:23:01 ERROR [root] Can't parse entities: unexpected end of name token at byte offset 11
2026-04-04 20:23:01 INFO [results] handlechat latency chat=184959894 took 971.7 ms
2026-04-04 20:23:39 INFO [DB.dbservice] Database pool initialized
2026-04-04 20:23:39 INFO [telegram.ext.Application] Application started
2026-04-04 20:23:39 INFO [root] Bot started
2026-04-04 20:23:46 INFO [root] Fetching row SELECT 1 FROM users WHERE id = 184959894
2026-04-04 20:23:46 INFO [root] Fetching row 
    SELECT *
    FROM cities
    where nome_norm = $1 
    
2026-04-04 20:23:46 INFO [root] Found city: B264
2026-04-04 20:23:46 INFO [root] Fetching row 
        INSERT INTO cities_found (player, city)
        VALUES ($1, $2)
        ON CONFLICT DO NOTHING
        RETURNING player
    
2026-04-04 20:25:01 ERROR [root] Can't parse entities: unexpected end of name token at byte offset 11
2026-04-04 20:25:01 INFO [results] handlechat latency chat=184959894 took 74623.1 ms
2026-04-04 20:33:01 INFO [DB.dbservice] Database pool initialized
2026-04-04 20:33:02 INFO [telegram.ext.Application] Application started
2026-04-04 20:33:02 INFO [root] Bot started
2026-04-04 20:33:08 INFO [root] Fetching row SELECT 1 FROM users WHERE id = 184959894
2026-04-04 20:33:12 INFO [root] Fetching row 
    SELECT *
    FROM cities
    where nome_norm = $1 
    
2026-04-04 20:33:12 INFO [root] Found city: G962
2026-04-04 20:33:12 INFO [root] Fetching row 
        INSERT INTO cities_found (player, city)
        VALUES ($1, $2)
        ON CONFLICT DO NOTHING
        RETURNING player
    
2026-04-04 20:33:14 ERROR [root] Can't parse entities: unsupported start tag "br" at byte offset 87
2026-04-04 20:33:14 INFO [results] handlechat latency chat=184959894 took 6201.0 ms
2026-04-04 20:34:06 INFO [DB.dbservice] Database pool initialized
2026-04-04 20:34:06 INFO [telegram.ext.Application] Application started
2026-04-04 20:34:06 INFO [root] Bot started
2026-04-04 20:34:11 INFO [root] Fetching row SELECT 1 FROM users WHERE id = 184959894
2026-04-04 20:34:11 INFO [root] Fetching row 
    SELECT *
    FROM cities
    where nome_norm = $1 
    
2026-04-04 20:34:11 INFO [root] Found city: G225
2026-04-04 20:34:11 INFO [root] Fetching row 
        INSERT INTO cities_found (player, city)
        VALUES ($1, $2)
        ON CONFLICT DO NOTHING
        RETURNING player
    
2026-04-04 20:34:14 ERROR [root] Replacement index 3 out of range for positional args tuple
2026-04-04 20:34:14 INFO [results] handlechat latency chat=184959894 took 3669.4 ms
2026-04-04 20:34:54 INFO [DB.dbservice] Database pool initialized
2026-04-04 20:34:54 INFO [telegram.ext.Application] Application started
2026-04-04 20:34:54 INFO [root] Bot started
2026-04-04 20:34:57 INFO [root] Fetching row SELECT 1 FROM users WHERE id = 184959894
2026-04-04 20:34:57 INFO [root] Fetching row 
    SELECT *
    FROM cities
    where nome_norm = $1 
    
2026-04-04 20:34:57 INFO [root] Found city: G178
2026-04-04 20:34:57 INFO [root] Fetching row 
        INSERT INTO cities_found (player, city)
        VALUES ($1, $2)
        ON CONFLICT DO NOTHING
        RETURNING player
    
2026-04-04 20:34:57 INFO [results] handlechat latency chat=184959894 took 572.8 ms
2026-04-04 20:35:02 INFO [root] Fetching row 
    SELECT *
    FROM cities
    where nome_norm = $1 
    
2026-04-04 20:35:02 INFO [root] Found city: L503
2026-04-04 20:35:02 INFO [root] Fetching row 
        INSERT INTO cities_found (player, city)
        VALUES ($1, $2)
        ON CONFLICT DO NOTHING
        RETURNING player
    
2026-04-04 20:35:02 INFO [results] handlechat latency chat=184959894 took 381.4 ms
2026-04-04 20:35:12 INFO [root] Fetching row 
    SELECT *
    FROM cities
    where nome_norm = $1 
    
2026-04-04 20:35:12 INFO [root] Found city: I312
2026-04-04 20:35:12 INFO [root] Fetching row 
        INSERT INTO cities_found (player, city)
        VALUES ($1, $2)
        ON CONFLICT DO NOTHING
        RETURNING player
    
2026-04-04 20:35:13 INFO [results] handlechat latency chat=184959894 took 563.4 ms
2026-04-04 20:36:05 INFO [root] Fetching row 
    SELECT *
    FROM cities
    where nome_norm = $1 
    
2026-04-04 20:36:05 INFO [root] Found city: A368
2026-04-04 20:36:05 INFO [root] Fetching row 
        INSERT INTO cities_found (player, city)
        VALUES ($1, $2)
        ON CONFLICT DO NOTHING
        RETURNING player
    
2026-04-04 20:36:06 ERROR [root] Can't parse entities: empty attribute name in the tag "a" at byte offset 3
2026-04-04 20:36:06 INFO [results] handlechat latency chat=184959894 took 819.9 ms
2026-04-04 20:37:00 INFO [root] Fetching row 
    SELECT *
    FROM cities
    where nome_norm = $1 
    
2026-04-04 20:37:00 INFO [results] handlechat latency chat=184959894 took 461.5 ms
2026-04-04 20:37:20 INFO [root] Fetching row 
    SELECT *
    FROM cities
    where nome_norm = $1 
    
2026-04-04 20:37:20 INFO [root] Found city: L488
2026-04-04 20:37:20 INFO [root] Fetching row 
        INSERT INTO cities_found (player, city)
        VALUES ($1, $2)
        ON CONFLICT DO NOTHING
        RETURNING player
    
2026-04-04 20:37:20 INFO [results] handlechat latency chat=184959894 took 524.5 ms
2026-04-04 20:38:34 INFO [DB.dbservice] Database pool initialized
2026-04-04 20:38:34 INFO [telegram.ext.Application] Application started
2026-04-04 20:38:34 INFO [root] Bot started
2026-04-04 20:38:35 INFO [root] Fetching row SELECT 1 FROM users WHERE id = 184959894
2026-04-04 20:38:35 INFO [root] Fetching row 
    SELECT *
    FROM cities
    where nome_norm = $1 
    
2026-04-04 20:38:35 INFO [root] Found city: I734
2026-04-04 20:38:35 INFO [root] Fetching row 
        INSERT INTO cities_found (player, city)
        VALUES ($1, $2)
        ON CONFLICT DO NOTHING
        RETURNING player
    
2026-04-04 20:38:35 INFO [results] handlechat latency chat=184959894 took 552.2 ms
2026-04-04 20:39:10 INFO [root] Fetching row 
    SELECT *
    FROM cities
    where nome_norm = $1 
    
2026-04-04 20:39:10 INFO [root] Found city: I294
2026-04-04 20:39:10 INFO [root] Fetching row 
        INSERT INTO cities_found (player, city)
        VALUES ($1, $2)
        ON CONFLICT DO NOTHING
        RETURNING player
    
2026-04-04 20:39:11 INFO [results] handlechat latency chat=184959894 took 526.8 ms
2026-04-04 20:39:19 INFO [root] Fetching row 
    SELECT *
    FROM cities
    where nome_norm = $1 
    
2026-04-04 20:39:19 INFO [root] Found city: I271
2026-04-04 20:39:19 INFO [root] Fetching row 
        INSERT INTO cities_found (player, city)
        VALUES ($1, $2)
        ON CONFLICT DO NOTHING
        RETURNING player
    
2026-04-04 20:39:24 INFO [results] handlechat latency chat=184959894 took 5857.4 ms
2026-04-04 20:42:47 INFO [root] Fetching row 
    SELECT *
    FROM cities
    where nome_norm = $1 
    
2026-04-04 20:42:47 INFO [root] Found city: D344
2026-04-04 20:42:47 INFO [root] Fetching row 
        INSERT INTO cities_found (player, city)
        VALUES ($1, $2)
        ON CONFLICT DO NOTHING
        RETURNING player
    
2026-04-04 20:42:48 INFO [results] handlechat latency chat=184959894 took 579.2 ms
2026-04-04 20:43:26 INFO [root] Fetching row 
    SELECT *
    FROM cities
    where nome_norm = $1 
    
2026-04-04 20:43:26 INFO [results] handlechat latency chat=184959894 took 488.8 ms
2026-04-04 20:43:53 INFO [root] Fetching row 
    SELECT *
    FROM cities
    where nome_norm = $1 
    
2026-04-04 20:43:53 INFO [root] Found city: A355
2026-04-04 20:43:53 INFO [root] Fetching row 
        INSERT INTO cities_found (player, city)
        VALUES ($1, $2)
        ON CONFLICT DO NOTHING
        RETURNING player
    
2026-04-04 20:43:54 INFO [results] handlechat latency chat=184959894 took 594.1 ms
2026-04-04 20:44:48 INFO [DB.dbservice] Database pool initialized
2026-04-04 20:44:48 INFO [telegram.ext.Application] Application started
2026-04-04 20:44:48 INFO [root] Bot started
2026-04-04 20:44:54 INFO [root] Fetching row SELECT 1 FROM users WHERE id = 184959894
2026-04-04 20:44:55 INFO [root] Fetching row 
    SELECT *
    FROM cities
    where nome_norm = $1 
    
2026-04-04 20:44:55 INFO [results] handlechat latency chat=184959894 took 419.6 ms
2026-04-04 20:45:10 INFO [root] Fetching row 
    SELECT *
    FROM cities
    where nome_norm = $1 
    
2026-04-04 20:45:10 INFO [root] Found city: A663
2026-04-04 20:45:10 INFO [root] Fetching row 
        INSERT INTO cities_found (player, city)
        VALUES ($1, $2)
        ON CONFLICT DO NOTHING
        RETURNING player
    
2026-04-04 20:45:10 INFO [results] handlechat latency chat=184959894 took 478.7 ms
